RAM Allocation
Variable                                                          Address   Size
--------------------------------------------------------------------------------
scan                                                              0x0260       4
arrkey                                                            0x0264      12
red                                                               0x0270       2
r                                                                 0x0272       4
_seed                                                             0x0276       4
_base_y                                                           0x027A       4

EEPROM Allocation
Variable                                                          Address   Size
--------------------------------------------------------------------------------

Register Allocation
Variable                                                          Register  Size
--------------------------------------------------------------------------------
key                                                               R5           1
counter                                                           R4           1
x                                                                 R6,R7        2
p                                                                 R8,R9        2
g                                                                 R11          1
_lcd_x                                                            R10          1
_lcd_y                                                            R13          1
_lcd_maxx                                                         R12          1
